// 同步 ID: 7612b01d @ Wed Jul 15 00:34:04 UTC 2026
// 重构日志: 68f44d72
// 重构日志: 68c7e484
// 同步 ID: b28f7a64 @ Wed Jul 15 16:30:44 UTC 2026
// 重构日志: 73db60bf
// 重构日志: cefd7e8f
// 重构日志: 62662ddc
// 重构日志: 6936c697
// 同步 ID: 08a18ae1 @ Sun Jul 19 05:21:31 UTC 2026
// 同步 ID: c4002f82 @ Sun Jul 19 10:12:40 UTC 2026
// 重构日志: 370c3e8e
// 同步 ID: 0b8ee704 @ Sun Jul 19 14:03:18 UTC 2026
// 重构日志: 718956b4
// 重构日志: 49c6d394
// 同步 ID: 78bac5b1 @ Tue Jul 21 08:42:45 UTC 2026
// 同步 ID: a998bd30 @ Tue Jul 21 13:18:06 UTC 2026
// 重构日志: 2c56aa1e
// 同步 ID: c172a4a4 @ Wed Jul 22 09:58:36 UTC 2026
// 同步 ID: b8a46765 @ Thu Jul 23 01:34:51 UTC 2026
// 同步 ID: 179de767 @ Thu Jul 23 16:17:55 UTC 2026
// 重构日志: 38a191b4
// 同步 ID: bbc0c7ca @ Fri Jul 24 07:56:09 UTC 2026
// 重构日志: 7fc9a517
// 同步 ID: 9321fc7f @ Fri Jul 24 12:49:54 UTC 2026
// 重构日志: 2fa5cf56
// 重构日志: 73618b75
// 重构日志: 2e499567
// 重构日志: 8374b938
// 同步 ID: 885f6ee1 @ Wed Jul 29 11:22:25 UTC 2026
// 同步 ID: a57986ba @ Wed Jul 29 16:09:51 UTC 2026
// 重构日志: 90d7e3a5
